\BOOKMARK [1][-]{section.1}{\376\377\000S\000t\000r\000u\000c\000t\000u\000r\000e\000\040\000o\000f\000\040\000t\000h\000e\000\040\000N\000L\000O\000\040\000C\000r\000o\000s\000s\000\040\000S\000e\000c\000t\000i\000o\000n}{}% 1
\BOOKMARK [1][-]{section.2}{\376\377\000I\000n\000f\000r\000a\000r\000e\000d\000\040\000S\000t\000r\000u\000c\000t\000u\000r\000e\000\040\000o\000f\000\040\000Q\000C\000D\000\040\000A\000m\000p\000l\000i\000t\000u\000d\000e\000s}{}% 2
\BOOKMARK [2][-]{subsection.2.1}{\376\377\000S\000o\000f\000t\000\040\000l\000i\000m\000i\000t}{section.2}% 3
\BOOKMARK [2][-]{subsection.2.2}{\376\377\000C\000o\000l\000l\000i\000n\000e\000a\000r\000\040\000l\000i\000m\000i\000t}{section.2}% 4
\BOOKMARK [2][-]{subsection.2.3}{\376\377\000I\000n\000t\000e\000r\000p\000r\000e\000t\000a\000t\000i\000o\000n}{section.2}% 5
\BOOKMARK [1][-]{section.3}{\376\377\000D\000i\000p\000o\000l\000e\000\040\000S\000u\000b\000t\000r\000a\000c\000t\000i\000o\000n\000\040\000T\000e\000r\000m\000s}{}% 6
\BOOKMARK [2][-]{subsection.3.1}{\376\377\000G\000e\000n\000e\000r\000a\000l\000\040\000s\000t\000r\000u\000c\000t\000u\000r\000e\000\040\000o\000f\000\040\000a\000\040\000d\000i\000p\000o\000l\000e}{section.3}% 7
\BOOKMARK [2][-]{subsection.3.2}{\376\377\000P\000h\000y\000s\000i\000c\000a\000l\000\040\000i\000n\000t\000e\000r\000p\000r\000e\000t\000a\000t\000i\000o\000n}{section.3}% 8
\BOOKMARK [2][-]{subsection.3.3}{\376\377\000L\000o\000c\000a\000l\000\040\000c\000a\000n\000c\000e\000l\000l\000a\000t\000i\000o\000n}{section.3}% 9
\BOOKMARK [1][-]{section.4}{\376\377\000P\000h\000a\000s\000e\000\040\000S\000p\000a\000c\000e\000\040\000F\000a\000c\000t\000o\000r\000i\000z\000a\000t\000i\000o\000n\000\040\000a\000n\000d\000\040\000M\000a\000p\000p\000i\000n\000g}{}% 10
\BOOKMARK [2][-]{subsection.4.1}{\376\377\000P\000h\000a\000s\000e\000-\000s\000p\000a\000c\000e\000\040\000d\000e\000f\000i\000n\000i\000t\000i\000o\000n}{section.4}% 11
\BOOKMARK [2][-]{subsection.4.2}{\376\377\000F\000a\000c\000t\000o\000r\000i\000z\000a\000t\000i\000o\000n}{section.4}% 12
\BOOKMARK [2][-]{subsection.4.3}{\376\377\000M\000o\000m\000e\000n\000t\000u\000m\000\040\000m\000a\000p\000p\000i\000n\000g}{section.4}% 13
\BOOKMARK [2][-]{subsection.4.4}{\376\377\000D\000i\000p\000o\000l\000e\000\040\000p\000h\000a\000s\000e\000-\000s\000p\000a\000c\000e\000\040\000m\000e\000a\000s\000u\000r\000e}{section.4}% 14
\BOOKMARK [2][-]{subsection.4.5}{\376\377\000R\000o\000l\000e\000\040\000i\000n\000\040\000t\000h\000e\000\040\000i\000m\000p\000l\000e\000m\000e\000n\000t\000a\000t\000i\000o\000n}{section.4}% 15
\BOOKMARK [1][-]{section.5}{\376\377\000I\000n\000t\000e\000g\000r\000a\000t\000e\000d\000\040\000D\000i\000p\000o\000l\000e\000s\000\040\000a\000n\000d\000\040\000V\000i\000r\000t\000u\000a\000l\000\040\000C\000a\000n\000c\000e\000l\000l\000a\000t\000i\000o\000n}{}% 16
\BOOKMARK [2][-]{subsection.5.1}{\376\377\000I\000n\000t\000e\000g\000r\000a\000t\000e\000d\000\040\000s\000u\000b\000t\000r\000a\000c\000t\000i\000o\000n\000\040\000t\000e\000r\000m}{section.5}% 17
\BOOKMARK [2][-]{subsection.5.2}{\376\377\000C\000a\000n\000c\000e\000l\000l\000a\000t\000i\000o\000n\000\040\000o\000f\000\040\000d\000i\000v\000e\000r\000g\000e\000n\000c\000e\000s}{section.5}% 18
\BOOKMARK [2][-]{subsection.5.3}{\376\377\000I\000n\000i\000t\000i\000a\000l\000-\000s\000t\000a\000t\000e\000\040\000c\000o\000l\000l\000i\000n\000e\000a\000r\000\040\000c\000o\000n\000t\000r\000i\000b\000u\000t\000i\000o\000n\000s}{section.5}% 19
\BOOKMARK [2][-]{subsection.5.4}{\376\377\000I\000n\000t\000e\000r\000p\000r\000e\000t\000a\000t\000i\000o\000n}{section.5}% 20
\BOOKMARK [1][-]{section.6}{\376\377\000I\000m\000p\000l\000e\000m\000e\000n\000t\000a\000t\000i\000o\000n\000\040\000S\000t\000r\000a\000t\000e\000g\000y}{}% 21
\BOOKMARK [2][-]{subsection.6.1}{\376\377\000M\000o\000n\000t\000e\000\040\000C\000a\000r\000l\000o\000\040\000w\000e\000i\000g\000h\000t}{section.6}% 22
\BOOKMARK [2][-]{subsection.6.2}{\376\377\000L\000o\000c\000a\000l\000\040\000s\000u\000b\000t\000r\000a\000c\000t\000i\000o\000n\000\040\000a\000t\000\040\000t\000h\000e\000\040\000i\000n\000t\000e\000g\000r\000a\000n\000d\000\040\000l\000e\000v\000e\000l}{section.6}% 23
\BOOKMARK [2][-]{subsection.6.3}{\376\377\000M\000u\000l\000t\000i\000c\000h\000a\000n\000n\000e\000l\000\040\000p\000h\000a\000s\000e\000-\000s\000p\000a\000c\000e\000\040\000s\000a\000m\000p\000l\000i\000n\000g}{section.6}% 24
\BOOKMARK [2][-]{subsection.6.4}{\376\377\000A\000d\000a\000p\000t\000i\000v\000e\000\040\000i\000n\000t\000e\000g\000r\000a\000t\000i\000o\000n\000\040\000\050\000V\000E\000G\000A\000S\000\051}{section.6}% 25
\BOOKMARK [2][-]{subsection.6.5}{\376\377\000C\000o\000m\000b\000i\000n\000a\000t\000i\000o\000n\000\040\000o\000f\000\040\000m\000u\000l\000t\000i\000c\000h\000a\000n\000n\000e\000l\000\040\000a\000n\000d\000\040\000V\000E\000G\000A\000S}{section.6}% 26
\BOOKMARK [2][-]{subsection.6.6}{\376\377\000H\000a\000d\000r\000o\000n\000i\000c\000\040\000c\000o\000n\000v\000o\000l\000u\000t\000i\000o\000n}{section.6}% 27
\BOOKMARK [2][-]{subsection.6.7}{\376\377\000N\000u\000m\000e\000r\000i\000c\000a\000l\000\040\000s\000t\000a\000b\000i\000l\000i\000t\000y}{section.6}% 28
\BOOKMARK [1][-]{section.7}{\376\377\000V\000a\000l\000i\000d\000a\000t\000i\000o\000n\000\040\000a\000n\000d\000\040\000C\000o\000n\000s\000i\000s\000t\000e\000n\000c\000y\000\040\000C\000h\000e\000c\000k\000s}{}% 29
\BOOKMARK [2][-]{subsection.7.1}{\376\377\000L\000o\000c\000a\000l\000\040\000c\000a\000n\000c\000e\000l\000l\000a\000t\000i\000o\000n\000\040\000o\000f\000\040\000s\000i\000n\000g\000u\000l\000a\000r\000i\000t\000i\000e\000s}{section.7}% 30
\BOOKMARK [2][-]{subsection.7.2}{\376\377\000B\000e\000h\000a\000v\000i\000o\000r\000\040\000n\000e\000a\000r\000\040\000s\000i\000n\000g\000u\000l\000a\000r\000\040\000l\000i\000m\000i\000t\000s}{section.7}% 31
\BOOKMARK [2][-]{subsection.7.3}{\376\377\000C\000a\000n\000c\000e\000l\000l\000a\000t\000i\000o\000n\000\040\000o\000f\000\040\000v\000i\000r\000t\000u\000a\000l\000\040\000p\000o\000l\000e\000s}{section.7}% 32
\BOOKMARK [2][-]{subsection.7.4}{\376\377\000N\000u\000m\000e\000r\000i\000c\000a\000l\000\040\000s\000t\000a\000b\000i\000l\000i\000t\000y}{section.7}% 33
\BOOKMARK [2][-]{subsection.7.5}{\376\377\000S\000u\000m\000m\000a\000r\000y\000\040\000o\000f\000\040\000v\000a\000l\000i\000d\000a\000t\000i\000o\000n}{section.7}% 34
\BOOKMARK [1][-]{section.8}{\376\377\000R\000e\000s\000u\000l\000t\000s}{}% 35
\BOOKMARK [2][-]{subsection.8.1}{\376\377\000T\000o\000t\000a\000l\000\040\000c\000r\000o\000s\000s\000\040\000s\000e\000c\000t\000i\000o\000n\000s}{section.8}% 36
\BOOKMARK [2][-]{subsection.8.2}{\376\377\000D\000i\000f\000f\000e\000r\000e\000n\000t\000i\000a\000l\000\040\000d\000i\000s\000t\000r\000i\000b\000u\000t\000i\000o\000n\000s}{section.8}% 37
\BOOKMARK [3][-]{subsubsection.8.2.1}{\376\377\000I\000n\000v\000a\000r\000i\000a\000n\000t\000\040\000m\000a\000s\000s\000\040\000d\000i\000s\000t\000r\000i\000b\000u\000t\000i\000o\000n}{subsection.8.2}% 38
\BOOKMARK [3][-]{subsubsection.8.2.2}{\376\377\000T\000o\000p\000\040\000t\000r\000a\000n\000s\000v\000e\000r\000s\000e\000\040\000m\000o\000m\000e\000n\000t\000u\000m}{subsection.8.2}% 39
\BOOKMARK [3][-]{subsubsection.8.2.3}{\376\377\000R\000a\000p\000i\000d\000i\000t\000y\000\040\000d\000i\000s\000t\000r\000i\000b\000u\000t\000i\000o\000n}{subsection.8.2}% 40
\BOOKMARK [2][-]{subsection.8.3}{\376\377\000D\000i\000s\000c\000u\000s\000s\000i\000o\000n}{section.8}% 41
